Picked up JAVA_TOOL_OPTIONS: -Dstdout.encoding=UTF-8 -Dstderr.encoding=UTF-8
> Task :clean
> Task :compileJava
> Task :processResources
> Task :classes
> Task :compileTestJava
> Task :processTestResources NO-SOURCE
> Task :testClasses

> Task :test
Picked up JAVA_TOOL_OPTIONS: -Dstdout.encoding=UTF-8 -Dstderr.encoding=UTF-8

OpenJDK 64-Bit Server VM warning: Sharing is only supported for boot loader classes because bootstrap classpath has been appended

> Task :test

ResumeControllerTest > test_processSkills_without_job_description() FAILED
    java.lang.AssertionError at ResumeControllerTest.java:163

ApiServiceTest > testProduceFilesWithSkillsPrompt() FAILED
    java.lang.NullPointerException at ApiServiceTest.java:122
Terminate batch job (Y/N)? Terminate batch job (Y/N)? Terminate batch job (Y/N)? Terminate batch job (Y/N)? Terminate batch job (Y/N)? Terminate batch job (Y/N)? Terminate batch job (Y/N)? 